// Jest Snapshot v1, https://goo.gl/fbAQLP

exports[`PastOrderCard renders correctly 1`] = `
<div>
  <div
    class="delivery-card w-full max-w-[700px]"
  >
    <div
      class="delivery-card-header flex justify-between h-12 px-2.5 py-1 text-xs"
    >
      <div
        class="flex items-center justify-between gap-8"
      >
        <div
          class="flex flex-col items-start gap-0.25"
        >
          <div
            class="font-semibold"
          >
            Order Placed
          </div>
          <div>
            2022-01-01
          </div>
        </div>
        <div
          class="flex flex-col items-start gap-0.25"
        >
          <div
            class="font-semibold"
          >
            Total
          </div>
          <div>
            50.00
          </div>
        </div>
        <div
          class="flex flex-col items-start gap-0.25"
        >
          <div
            class="font-semibold"
          >
            Ship To
          </div>
          <div>
            123 Main St, Anytown USA
          </div>
        </div>
      </div>
      <div
        class="flex items-center justify-between gap-2"
      >
        <div
          class="flex flex-col items-end gap-0.25 flex-end"
        >
          <div
            class="font-semibold"
          >
            Order #
            12345
          </div>
          <div>
            <u>
              View order details
            </u>
          </div>
        </div>
      </div>
    </div>
    <div
      class="min-h-[100px]"
    >
      <div
        class="flex flex-col h-64 p-6"
      >
        <div
          class="flex flex-col items-start mb-6"
        >
          <div
            class="text-xl font-semibold text-black normal-line-height"
          >
            Delivered
             2022-01-10
          </div>
          <div
            class="text-sm text-black normal-line-height"
          >
            Delivered
          </div>
        </div>
        <div
          class="flex justify-start items-start gap-4"
        >
          <img
            alt="order"
            class="w-[125px]"
            src="https://example.com/image.jpg"
          />
          <div
            class="flex flex-col justify-start text-start"
          >
            <div
              class="text-xl font-semibold text-black"
            >
              Item 1
            </div>
            <div
              class="dark-grey text-xs font-semibold mt-1"
            >
              Category A
            </div>
            <div
              class="text-black text-xs font-semibold"
            >
              Lawson #
              6789
            </div>
            <button
              class="background-red font-semibold text-white !w-28 mt-2"
              type="button"
            >
              Return Order
            </button>
          </div>
        </div>
      </div>
    </div>
  </div>
</div>
`;
